// Jest Snapshot v1, https://goo.gl/fbAQLP

exports[`renders correctly 1`] = `
<View
  style={
    Object {
      "alignItems": "center",
      "flex": 1,
      "justifyContent": "center",
    }
  }
>
  <View
    style={
      Object {
        "alignItems": "center",
        "backgroundColor": "rgba(0,0,0,0.8)",
        "flexDirection": "row",
        "height": 70,
        "justifyContent": "center",
        "position": "relative",
        "width": "100%",
      }
    }
  >
    <Text
      style={
        Object {
          "alignSelf": "center",
          "color": "white",
        }
      }
    >
      VALIU TEST APP
    </Text>
    <View
      accessible={true}
      focusable={true}
      onClick={[Function]}
      onResponderGrant={[Function]}
      onResponderMove={[Function]}
      onResponderRelease={[Function]}
      onResponderTerminate={[Function]}
      onResponderTerminationRequest={[Function]}
      onStartShouldSetResponder={[Function]}
      style={
        Object {
          "alignItems": "center",
          "backgroundColor": "#696969",
          "borderRadius": 25,
          "height": 50,
          "justifyContent": "center",
          "opacity": 1,
          "position": "absolute",
          "right": 10,
          "top": "12.5%",
          "width": 50,
        }
      }
      testID="goToModal"
    >
      <Text>
        +
      </Text>
    </View>
  </View>
  <RCTScrollView
    contentInsetAdjustmentBehavior="automatic"
    onScroll={[Function]}
    scrollEventThrottle={16}
    style={
      Object {
        "height": "100%",
        "width": "100%",
      }
    }
  >
    <View />
  </RCTScrollView>
</View>
`;
