// Jest Snapshot v1, https://goo.gl/fbAQLP

exports[`renders correctly 1`] = `
<View
  style={
    Object {
      "alignItems": "center",
      "backgroundColor": "rgba(25,105,0,0.8)",
      "bottom": 0,
      "height": "45%",
      "justifyContent": "center",
      "left": 0,
      "paddingBottom": 70,
      "position": "absolute",
      "width": "100%",
    }
  }
>
  <Text
    style={
      Object {
        "alignSelf": "center",
        "color": "white",
      }
    }
  >
    Test
  </Text>
  <View
    style={
      Object {
        "alignItems": "center",
        "flexDirection": "row",
        "flexWrap": "wrap",
        "justifyContent": "space-around",
        "paddingTop": 20,
        "width": "100%",
      }
    }
  >
    <View
      accessible={true}
      focusable={true}
      onClick={[Function]}
      onResponderGrant={[Function]}
      onResponderMove={[Function]}
      onResponderRelease={[Function]}
      onResponderTerminate={[Function]}
      onResponderTerminationRequest={[Function]}
      onStartShouldSetResponder={[Function]}
      style={
        Object {
          "alignItems": "center",
          "backgroundColor": "#696969",
          "borderRadius": 25,
          "height": "33%",
          "justifyContent": "center",
          "opacity": 1,
          "width": "33%",
        }
      }
      testID="0"
    >
      <Text>
        0
      </Text>
    </View>
    <View
      accessible={true}
      focusable={true}
      onClick={[Function]}
      onResponderGrant={[Function]}
      onResponderMove={[Function]}
      onResponderRelease={[Function]}
      onResponderTerminate={[Function]}
      onResponderTerminationRequest={[Function]}
      onStartShouldSetResponder={[Function]}
      style={
        Object {
          "alignItems": "center",
          "backgroundColor": "#696969",
          "borderRadius": 25,
          "height": "33%",
          "justifyContent": "center",
          "opacity": 1,
          "width": "33%",
        }
      }
      testID="1"
    >
      <Text>
        1
      </Text>
    </View>
    <View
      accessible={true}
      focusable={true}
      onClick={[Function]}
      onResponderGrant={[Function]}
      onResponderMove={[Function]}
      onResponderRelease={[Function]}
      onResponderTerminate={[Function]}
      onResponderTerminationRequest={[Function]}
      onStartShouldSetResponder={[Function]}
      style={
        Object {
          "alignItems": "center",
          "backgroundColor": "#696969",
          "borderRadius": 25,
          "height": "33%",
          "justifyContent": "center",
          "opacity": 1,
          "width": "33%",
        }
      }
      testID="2"
    >
      <Text>
        2
      </Text>
    </View>
    <View
      accessible={true}
      focusable={true}
      onClick={[Function]}
      onResponderGrant={[Function]}
      onResponderMove={[Function]}
      onResponderRelease={[Function]}
      onResponderTerminate={[Function]}
      onResponderTerminationRequest={[Function]}
      onStartShouldSetResponder={[Function]}
      style={
        Object {
          "alignItems": "center",
          "backgroundColor": "#696969",
          "borderRadius": 25,
          "height": "33%",
          "justifyContent": "center",
          "opacity": 1,
          "width": "33%",
        }
      }
      testID="3"
    >
      <Text>
        3
      </Text>
    </View>
    <View
      accessible={true}
      focusable={true}
      onClick={[Function]}
      onResponderGrant={[Function]}
      onResponderMove={[Function]}
      onResponderRelease={[Function]}
      onResponderTerminate={[Function]}
      onResponderTerminationRequest={[Function]}
      onStartShouldSetResponder={[Function]}
      style={
        Object {
          "alignItems": "center",
          "backgroundColor": "#696969",
          "borderRadius": 25,
          "height": "33%",
          "justifyContent": "center",
          "opacity": 1,
          "width": "33%",
        }
      }
      testID="4"
    >
      <Text>
        4
      </Text>
    </View>
    <View
      accessible={true}
      focusable={true}
      onClick={[Function]}
      onResponderGrant={[Function]}
      onResponderMove={[Function]}
      onResponderRelease={[Function]}
      onResponderTerminate={[Function]}
      onResponderTerminationRequest={[Function]}
      onStartShouldSetResponder={[Function]}
      style={
        Object {
          "alignItems": "center",
          "backgroundColor": "#696969",
          "borderRadius": 25,
          "height": "33%",
          "justifyContent": "center",
          "opacity": 1,
          "width": "33%",
        }
      }
      testID="5"
    >
      <Text>
        5
      </Text>
    </View>
    <View
      accessible={true}
      focusable={true}
      onClick={[Function]}
      onResponderGrant={[Function]}
      onResponderMove={[Function]}
      onResponderRelease={[Function]}
      onResponderTerminate={[Function]}
      onResponderTerminationRequest={[Function]}
      onStartShouldSetResponder={[Function]}
      style={
        Object {
          "alignItems": "center",
          "backgroundColor": "#696969",
          "borderRadius": 25,
          "height": "33%",
          "justifyContent": "center",
          "opacity": 1,
          "width": "33%",
        }
      }
      testID="6"
    >
      <Text>
        6
      </Text>
    </View>
    <View
      accessible={true}
      focusable={true}
      onClick={[Function]}
      onResponderGrant={[Function]}
      onResponderMove={[Function]}
      onResponderRelease={[Function]}
      onResponderTerminate={[Function]}
      onResponderTerminationRequest={[Function]}
      onStartShouldSetResponder={[Function]}
      style={
        Object {
          "alignItems": "center",
          "backgroundColor": "#696969",
          "borderRadius": 25,
          "height": "33%",
          "justifyContent": "center",
          "opacity": 1,
          "width": "33%",
        }
      }
      testID="7"
    >
      <Text>
        7
      </Text>
    </View>
    <View
      accessible={true}
      focusable={true}
      onClick={[Function]}
      onResponderGrant={[Function]}
      onResponderMove={[Function]}
      onResponderRelease={[Function]}
      onResponderTerminate={[Function]}
      onResponderTerminationRequest={[Function]}
      onStartShouldSetResponder={[Function]}
      style={
        Object {
          "alignItems": "center",
          "backgroundColor": "#696969",
          "borderRadius": 25,
          "height": "33%",
          "justifyContent": "center",
          "opacity": 1,
          "width": "33%",
        }
      }
      testID="8"
    >
      <Text>
        8
      </Text>
    </View>
    <View
      accessible={true}
      focusable={true}
      onClick={[Function]}
      onResponderGrant={[Function]}
      onResponderMove={[Function]}
      onResponderRelease={[Function]}
      onResponderTerminate={[Function]}
      onResponderTerminationRequest={[Function]}
      onStartShouldSetResponder={[Function]}
      style={
        Object {
          "alignItems": "center",
          "backgroundColor": "#696969",
          "borderRadius": 25,
          "height": "33%",
          "justifyContent": "center",
          "opacity": 1,
          "width": "33%",
        }
      }
      testID="9"
    >
      <Text>
        9
      </Text>
    </View>
    <View
      accessible={true}
      focusable={true}
      onClick={[Function]}
      onResponderGrant={[Function]}
      onResponderMove={[Function]}
      onResponderRelease={[Function]}
      onResponderTerminate={[Function]}
      onResponderTerminationRequest={[Function]}
      onStartShouldSetResponder={[Function]}
      style={
        Object {
          "alignItems": "center",
          "backgroundColor": "#696969",
          "borderRadius": 25,
          "height": "33%",
          "justifyContent": "center",
          "opacity": 1,
          "width": "33%",
        }
      }
      testID=","
    >
      <Text>
        ,
      </Text>
    </View>
  </View>
</View>
`;
